src/Reactor.Cli/Docs/TemplateParser.cs:38:    /// <summary>Optional <c>winui-ref:</c> URL; empty if not declared.</summary>
src/Reactor/Core/Optional.cs:11:public readonly struct Optional<T> : IEquatable<Optional<T>>
src/Reactor/Core/Optional.cs:26:    public T Value => _hasValue ? _value! : throw new InvalidOperationException("Optional<T> has no value.");
src/Reactor/Core/Optional.cs:41:    public static Optional<T> Unset => default;
src/Reactor/Core/Optional.cs:46:    public static Optional<T> Of([AllowNull] T value) => new(hasValue: true, value);
src/Reactor/Core/Optional.cs:48:    private Optional(bool hasValue, [AllowNull] T value)
src/Reactor/Core/Optional.cs:57:    public static implicit operator Optional<T>([AllowNull] T value) => Of(value);
src/Reactor/Core/Optional.cs:62:    public bool Equals(Optional<T> other)
src/Reactor/Core/Optional.cs:75:    public override bool Equals(object? obj) => obj is Optional<T> other && Equals(other);
src/Reactor/Core/Optional.cs:94:    public static bool operator ==(Optional<T> left, Optional<T> right) => left.Equals(right);
src/Reactor/Core/Optional.cs:99:    public static bool operator !=(Optional<T> left, Optional<T> right) => !left.Equals(right);
src/Reactor/Docking/Persistence/DockLayoutJson.cs:87:    /// <summary>Fractional weight of this child within its split parent (0..1). Optional.</summary>
tests/Reactor.Tests/OptionalTests.cs:12:        Assert.False(default(Optional<int>).HasValue);
tests/Reactor.Tests/OptionalTests.cs:18:        Assert.False(Optional<int>.Unset.HasValue);
tests/Reactor.Tests/OptionalTests.cs:24:        var optional = Optional<int>.Of(42);
tests/Reactor.Tests/OptionalTests.cs:33:        var exception = Assert.Throws<InvalidOperationException>(() => Optional<int>.Unset.Value);
tests/Reactor.Tests/OptionalTests.cs:40:        Assert.Equal(default, Optional<int>.Unset.GetValueOrDefault());
tests/Reactor.Tests/OptionalTests.cs:41:        Assert.Null(Optional<string>.Unset.GetValueOrDefault());
tests/Reactor.Tests/OptionalTests.cs:47:        Assert.Equal(17, Optional<int>.Unset.GetValueOrDefault(17));
tests/Reactor.Tests/OptionalTests.cs:53:        Assert.Equal(42, Optional<int>.Of(42).GetValueOrDefault(17));
tests/Reactor.Tests/OptionalTests.cs:59:        Optional<int> value = 5;
tests/Reactor.Tests/OptionalTests.cs:60:        Optional<string> nullValue = (string?)null;
tests/Reactor.Tests/OptionalTests.cs:71:        Assert.Equal(Optional<int>.Of(42), Optional<int>.Of(42));
tests/Reactor.Tests/OptionalTests.cs:72:        Assert.True(Optional<int>.Of(42) == Optional<int>.Of(42));
tests/Reactor.Tests/OptionalTests.cs:73:        Assert.False(Optional<int>.Of(42) != Optional<int>.Of(42));
tests/Reactor.Tests/OptionalTests.cs:79:        Assert.NotEqual(Optional<int>.Of(42), Optional<int>.Of(43));
tests/Reactor.Tests/OptionalTests.cs:80:        Assert.False(Optional<int>.Of(42) == Optional<int>.Of(43));
tests/Reactor.Tests/OptionalTests.cs:81:        Assert.True(Optional<int>.Of(42) != Optional<int>.Of(43));
tests/Reactor.Tests/OptionalTests.cs:87:        Assert.NotEqual(Optional<int>.Unset, Optional<int>.Of(0));
tests/Reactor.Tests/OptionalTests.cs:88:        Assert.True(Optional<int>.Unset != Optional<int>.Of(0));
tests/Reactor.Tests/OptionalTests.cs:94:        Assert.Equal(Optional<int>.Unset, Optional<int>.Unset);
tests/Reactor.Tests/OptionalTests.cs:95:        Assert.True(Optional<int>.Unset == Optional<int>.Unset);
tests/Reactor.Tests/OptionalTests.cs:101:        Assert.NotEqual(Optional<string>.Unset, Optional<string>.Of(null));
tests/Reactor.Tests/OptionalTests.cs:102:        Assert.True(Optional<string>.Unset != Optional<string>.Of(null));
tests/Reactor.Tests/OptionalTests.cs:108:        Assert.NotEqual(Optional<int>.Unset.GetHashCode(), Optional<int>.Of(0).GetHashCode());
tests/Reactor.Tests/OptionalTests.cs:109:        Assert.NotEqual(Optional<string>.Unset.GetHashCode(), Optional<string>.Of(null).GetHashCode());
tests/Reactor.Tests/OptionalTests.cs:115:        Assert.Equal("Unset", Optional<int>.Unset.ToString());
tests/Reactor.Tests/OptionalTests.cs:121:        Assert.Equal("42", Optional<int>.Of(42).ToString());
tests/Reactor.Tests/OptionalTests.cs:127:        Assert.Equal("null", Optional<string>.Of(null).ToString());
tests/Reactor.Tests/OptionalTests.cs:138:        Assert.Equal(8, Unsafe.SizeOf<Optional<int>>());
tests/Reactor.Tests/OptionalTests.cs:139:        Assert.Equal(2, Unsafe.SizeOf<Optional<bool>>());
tests/Reactor.Tests/OptionalTests.cs:140:        Assert.Equal(16, Unsafe.SizeOf<Optional<double>>());
tests/Reactor.Tests/OptionalTests.cs:141:        Assert.Equal(16, Unsafe.SizeOf<Optional<string>>());
