Test run for C:\Users\andersonch\Code\reactor3\tests\Reactor.Tests\bin\x64\Debug\net10.0-windows10.0.22621.0\Reactor.Tests.dll (.NETCoreApp,Version=v10.0)
A total of 1 test files matched the specified pattern.
[xUnit.net 00:00:07.60]     Microsoft.UI.Reactor.Tests.YogaGenerated.FlexDirectionTest.Flex_Direction_Row_Reverse_Inner_Pos_Start [SKIP]
  Skipped Microsoft.UI.Reactor.Tests.YogaGenerated.FlexDirectionTest.Flex_Direction_Row_Reverse_Inner_Pos_Start [1 ms]
[xUnit.net 00:00:07.84]     Microsoft.UI.Reactor.Tests.YogaGenerated.FlexDirectionTest.Flex_Direction_Row_Reverse_Inner_Pos_End [SKIP]
  Skipped Microsoft.UI.Reactor.Tests.YogaGenerated.FlexDirectionTest.Flex_Direction_Row_Reverse_Inner_Pos_End [1 ms]
[xUnit.net 00:00:08.14]     Microsoft.UI.Reactor.Tests.Spec047.V1Protocol.Ports.ListViewPortTests.Selection_Change_Fires_Callback [SKIP]
[xUnit.net 00:00:08.15]     Microsoft.UI.Reactor.Tests.Spec047.V1Protocol.Ports.ListViewPortTests.Pool_Survival_Across_1000_Item_Scroll [SKIP]
  Skipped Microsoft.UI.Reactor.Tests.Spec047.V1Protocol.Ports.ListViewPortTests.Selection_Change_Fires_Callback [1 ms]
  Skipped Microsoft.UI.Reactor.Tests.Spec047.V1Protocol.Ports.ListViewPortTests.Pool_Survival_Across_1000_Item_Scroll [1 ms]
[xUnit.net 00:00:08.25]     Microsoft.UI.Reactor.Tests.Spec047.V1Protocol.ChildrenStrategyTests.Engine_ItemsHost_Routes_Through_ChildReconciler_Smoke [SKIP]
  Skipped Microsoft.UI.Reactor.Tests.Spec047.V1Protocol.ChildrenStrategyTests.Engine_ItemsHost_Routes_Through_ChildReconciler_Smoke [1 ms]
[xUnit.net 00:00:08.27]     Microsoft.UI.Reactor.Tests.Spec047.V1Protocol.Ports.SliderPortTests.Coercion_Tolerance_Suppresses_Min_Max_Coerced_Echoes [SKIP]
[xUnit.net 00:00:08.27]     Microsoft.UI.Reactor.Tests.Spec047.V1Protocol.Ports.SliderPortTests.Programmatic_Value_Write_Does_Not_Re_Fire_Callback [SKIP]
  Skipped Microsoft.UI.Reactor.Tests.Spec047.V1Protocol.Ports.SliderPortTests.Coercion_Tolerance_Suppresses_Min_Max_Coerced_Echoes [1 ms]
  Skipped Microsoft.UI.Reactor.Tests.Spec047.V1Protocol.Ports.SliderPortTests.Programmatic_Value_Write_Does_Not_Re_Fire_Callback [1 ms]
[xUnit.net 00:00:08.28]     Microsoft.UI.Reactor.Tests.Spec047.V1Protocol.ChildrenStrategyTests.Engine_Dispatches_Panel_Strategy_On_Mount [SKIP]
  Skipped Microsoft.UI.Reactor.Tests.Spec047.V1Protocol.ChildrenStrategyTests.Engine_Dispatches_Panel_Strategy_On_Mount [1 ms]
[xUnit.net 00:00:08.34]     Microsoft.UI.Reactor.Tests.Spec047.V1Protocol.ChildrenStrategyTests.Engine_Dispatches_SingleContent_On_Mount [SKIP]
  Skipped Microsoft.UI.Reactor.Tests.Spec047.V1Protocol.ChildrenStrategyTests.Engine_Dispatches_SingleContent_On_Mount [1 ms]
[xUnit.net 00:00:08.75]     Microsoft.UI.Reactor.Tests.YogaGenerated.YogaGapTest.Row_Gap_Percent_Wrapping_With_Min_Width [SKIP]
  Skipped Microsoft.UI.Reactor.Tests.YogaGenerated.YogaGapTest.Row_Gap_Percent_Wrapping_With_Min_Width [1 ms]
[xUnit.net 00:00:08.98]     Microsoft.UI.Reactor.Tests.YogaGenerated.YogaMinMaxDimensionTest.Min_Width [SKIP]
  Skipped Microsoft.UI.Reactor.Tests.YogaGenerated.YogaMinMaxDimensionTest.Min_Width [1 ms]
[xUnit.net 00:00:09.03]     Microsoft.UI.Reactor.Tests.YogaGenerated.YogaMinMaxDimensionTest.Min_Height [SKIP]
  Skipped Microsoft.UI.Reactor.Tests.YogaGenerated.YogaMinMaxDimensionTest.Min_Height [1 ms]
[xUnit.net 00:00:10.00]     Microsoft.UI.Reactor.Tests.Spec047.V1Protocol.Ports.BorderPortTests.Border_Child_Reconciles_Through_SingleContent_Strategy [SKIP]
  Skipped Microsoft.UI.Reactor.Tests.Spec047.V1Protocol.Ports.BorderPortTests.Border_Child_Reconciles_Through_SingleContent_Strategy [1 ms]
[xUnit.net 00:00:10.39]     Microsoft.UI.Reactor.Tests.YogaGenerated.YogaAspectRatioTest.Aspect_Ratio_Does_Not_Stretch_Cross_Axis_Dim [SKIP]
  Skipped Microsoft.UI.Reactor.Tests.YogaGenerated.YogaAspectRatioTest.Aspect_Ratio_Does_Not_Stretch_Cross_Axis_Dim [1 ms]
[xUnit.net 00:00:13.81]     Microsoft.UI.Reactor.Tests.Spec047.V1Protocol.ControlEventStateBoxTests.Pool_Reset_Clears_ControlEventState [SKIP]
  Skipped Microsoft.UI.Reactor.Tests.Spec047.V1Protocol.ControlEventStateBoxTests.Pool_Reset_Clears_ControlEventState [1 ms]
[xUnit.net 00:00:14.82]     Microsoft.UI.Reactor.Tests.YogaGenerated.FlexAlignItemsTest.Align_Baseline_Multiline_Column2 [SKIP]
  Skipped Microsoft.UI.Reactor.Tests.YogaGenerated.FlexAlignItemsTest.Align_Baseline_Multiline_Column2 [1 ms]
[xUnit.net 00:00:14.83]     Microsoft.UI.Reactor.Tests.YogaGenerated.FlexAlignItemsTest.Align_Baseline_Multiline_Column [SKIP]
  Skipped Microsoft.UI.Reactor.Tests.YogaGenerated.FlexAlignItemsTest.Align_Baseline_Multiline_Column [1 ms]
[xUnit.net 00:00:15.48]     Microsoft.UI.Reactor.Tests.Spec047.V1Protocol.PoolPolicyTests.ReturnControl_FrameworkElement_Reset_Contract_Clears_State [SKIP]
  Skipped Microsoft.UI.Reactor.Tests.Spec047.V1Protocol.PoolPolicyTests.ReturnControl_FrameworkElement_Reset_Contract_Clears_State [1 ms]
[xUnit.net 00:00:19.04]     Microsoft.UI.Reactor.Tests.YogaGenerated.FlexJustifyContentTest.Justify_Content_Overflow_Row_Reverse_Space_Evenly [SKIP]
  Skipped Microsoft.UI.Reactor.Tests.YogaGenerated.FlexJustifyContentTest.Justify_Content_Overflow_Row_Reverse_Space_Evenly [1 ms]
[xUnit.net 00:00:19.18]     Microsoft.UI.Reactor.Tests.YogaGenerated.FlexJustifyContentTest.Justify_Content_Overflow_Row_Reverse_Space_Around [SKIP]
  Skipped Microsoft.UI.Reactor.Tests.YogaGenerated.FlexJustifyContentTest.Justify_Content_Overflow_Row_Reverse_Space_Around [1 ms]
[xUnit.net 00:00:19.73]     Microsoft.UI.Reactor.Tests.YogaGenerated.YogaBoxSizingTest.Box_Sizing_Content_Box_Flex_Basis_Column [SKIP]
  Skipped Microsoft.UI.Reactor.Tests.YogaGenerated.YogaBoxSizingTest.Box_Sizing_Content_Box_Flex_Basis_Column [1 ms]
[xUnit.net 00:00:19.77]     Microsoft.UI.Reactor.Tests.Spec047.V1Protocol.Ports.TextBoxPortTests.Typing_Fires_OnChanged_Once [SKIP]
[xUnit.net 00:00:19.78]     Microsoft.UI.Reactor.Tests.Spec047.V1Protocol.Ports.TextBoxPortTests.Programmatic_Text_Write_Does_Not_Round_Trip [SKIP]
  Skipped Microsoft.UI.Reactor.Tests.Spec047.V1Protocol.Ports.TextBoxPortTests.Typing_Fires_OnChanged_Once [1 ms]
  Skipped Microsoft.UI.Reactor.Tests.Spec047.V1Protocol.Ports.TextBoxPortTests.Programmatic_Text_Write_Does_Not_Round_Trip [1 ms]
[xUnit.net 00:00:19.88]     Microsoft.UI.Reactor.Tests.Spec047.V1Protocol.HandlerProtocolTests.V1_Mount_Path_Dispatches_Through_RegisterHandler [SKIP]
  Skipped Microsoft.UI.Reactor.Tests.Spec047.V1Protocol.HandlerProtocolTests.V1_Mount_Path_Dispatches_Through_RegisterHandler [1 ms]
[xUnit.net 00:00:19.89]     Microsoft.UI.Reactor.Tests.Spec047.V1Protocol.HandlerProtocolTests.V1_Update_Path_Dispatches_Through_RegisterHandler [SKIP]
  Skipped Microsoft.UI.Reactor.Tests.Spec047.V1Protocol.HandlerProtocolTests.V1_Update_Path_Dispatches_Through_RegisterHandler [1 ms]
[xUnit.net 00:00:20.06]     Microsoft.UI.Reactor.Tests.YogaGenerated.YogaBoxSizingTest.Box_Sizing_Content_Box_Flex_Basis_Row [SKIP]
  Skipped Microsoft.UI.Reactor.Tests.YogaGenerated.YogaBoxSizingTest.Box_Sizing_Content_Box_Flex_Basis_Row [1 ms]
[xUnit.net 00:00:20.27]     Microsoft.UI.Reactor.Tests.YogaGenerated.YogaFlexWrapTest.Wrap_Column [SKIP]
  Skipped Microsoft.UI.Reactor.Tests.YogaGenerated.YogaFlexWrapTest.Wrap_Column [1 ms]
[xUnit.net 00:00:21.16]     Microsoft.UI.Reactor.Tests.Spec047.V1Protocol.Ports.ToggleSwitchPortTests.Set_Driven_Write_Has_Zero_Fire_Count [SKIP]
[xUnit.net 00:00:21.17]     Microsoft.UI.Reactor.Tests.Spec047.V1Protocol.Ports.ToggleSwitchPortTests.Mount_Through_V1_Path_Produces_Correct_IsOn [SKIP]
  Skipped Microsoft.UI.Reactor.Tests.Spec047.V1Protocol.Ports.ToggleSwitchPortTests.Set_Driven_Write_Has_Zero_Fire_Count [1 ms]
  Skipped Microsoft.UI.Reactor.Tests.Spec047.V1Protocol.Ports.ToggleSwitchPortTests.Mount_Through_V1_Path_Produces_Correct_IsOn [1 ms]
[xUnit.net 00:00:21.22]     Microsoft.UI.Reactor.Tests.YogaGenerated.YogaIntrinsicSizeTest.Fit_Content_Max_Height [SKIP]
[xUnit.net 00:00:21.22]     Microsoft.UI.Reactor.Tests.YogaGenerated.YogaIntrinsicSizeTest.Text_Fit_Content_Width [SKIP]
[xUnit.net 00:00:21.22]     Microsoft.UI.Reactor.Tests.YogaGenerated.YogaIntrinsicSizeTest.Stretch_Max_Height [SKIP]
[xUnit.net 00:00:21.22]     Microsoft.UI.Reactor.Tests.YogaGenerated.YogaIntrinsicSizeTest.Fit_Content_Height [SKIP]
[xUnit.net 00:00:21.22]     Microsoft.UI.Reactor.Tests.YogaGenerated.YogaIntrinsicSizeTest.Fit_Content_Min_Width [SKIP]
  Skipped Microsoft.UI.Reactor.Tests.YogaGenerated.YogaIntrinsicSizeTest.Fit_Content_Max_Height [1 ms]
  Skipped Microsoft.UI.Reactor.Tests.YogaGenerated.YogaIntrinsicSizeTest.Text_Fit_Content_Width [1 ms]
  Skipped Microsoft.UI.Reactor.Tests.YogaGenerated.YogaIntrinsicSizeTest.Stretch_Max_Height [1 ms]
  Skipped Microsoft.UI.Reactor.Tests.YogaGenerated.YogaIntrinsicSizeTest.Fit_Content_Height [1 ms]
  Skipped Microsoft.UI.Reactor.Tests.YogaGenerated.YogaIntrinsicSizeTest.Fit_Content_Min_Width [1 ms]
[xUnit.net 00:00:21.23]     Microsoft.UI.Reactor.Tests.YogaGenerated.YogaPercentageTest.Percent_Of_Min_Main_Multiple [SKIP]
  Skipped Microsoft.UI.Reactor.Tests.YogaGenerated.YogaPercentageTest.Percent_Of_Min_Main_Multiple [1 ms]
[xUnit.net 00:00:21.24]     Microsoft.UI.Reactor.Tests.YogaGenerated.YogaIntrinsicSizeTest.Stretch_Max_Width [SKIP]
[xUnit.net 00:00:21.25]     Microsoft.UI.Reactor.Tests.YogaGenerated.YogaIntrinsicSizeTest.Fit_Content_Max_Width [SKIP]
[xUnit.net 00:00:21.25]     Microsoft.UI.Reactor.Tests.YogaGenerated.YogaIntrinsicSizeTest.Text_Max_Content_Width [SKIP]
[xUnit.net 00:00:21.26]     Microsoft.UI.Reactor.Tests.YogaGenerated.YogaIntrinsicSizeTest.Max_Content_Max_Width [SKIP]
  Skipped Microsoft.UI.Reactor.Tests.YogaGenerated.YogaIntrinsicSizeTest.Stretch_Max_Width [1 ms]
  Skipped Microsoft.UI.Reactor.Tests.YogaGenerated.YogaIntrinsicSizeTest.Fit_Content_Max_Width [1 ms]
  Skipped Microsoft.UI.Reactor.Tests.YogaGenerated.YogaIntrinsicSizeTest.Text_Max_Content_Width [1 ms]
  Skipped Microsoft.UI.Reactor.Tests.YogaGenerated.YogaIntrinsicSizeTest.Max_Content_Max_Width [1 ms]
[xUnit.net 00:00:21.26]     Microsoft.UI.Reactor.Tests.YogaGenerated.YogaIntrinsicSizeTest.Fit_Content_Min_Height [SKIP]
[xUnit.net 00:00:21.26]     Microsoft.UI.Reactor.Tests.YogaGenerated.YogaIntrinsicSizeTest.Max_Content_Min_Width [SKIP]
[xUnit.net 00:00:21.26]     Microsoft.UI.Reactor.Tests.YogaGenerated.YogaIntrinsicSizeTest.Stretch_Min_Height [SKIP]
  Skipped Microsoft.UI.Reactor.Tests.YogaGenerated.YogaIntrinsicSizeTest.Fit_Content_Min_Height [1 ms]
  Skipped Microsoft.UI.Reactor.Tests.YogaGenerated.YogaIntrinsicSizeTest.Max_Content_Min_Width [1 ms]
  Skipped Microsoft.UI.Reactor.Tests.YogaGenerated.YogaIntrinsicSizeTest.Stretch_Min_Height [1 ms]
[xUnit.net 00:00:21.27]     Microsoft.UI.Reactor.Tests.YogaGenerated.YogaIntrinsicSizeTest.Fit_Content_Width [SKIP]
[xUnit.net 00:00:21.27]     Microsoft.UI.Reactor.Tests.YogaGenerated.YogaIntrinsicSizeTest.Fit_Content_Flex_Basis_Column [SKIP]
  Skipped Microsoft.UI.Reactor.Tests.YogaGenerated.YogaIntrinsicSizeTest.Fit_Content_Width [1 ms]
  Skipped Microsoft.UI.Reactor.Tests.YogaGenerated.YogaIntrinsicSizeTest.Fit_Content_Flex_Basis_Column [1 ms]
[xUnit.net 00:00:21.27]     Microsoft.UI.Reactor.Tests.YogaGenerated.YogaIntrinsicSizeTest.Text_Max_Content_Max_Width [SKIP]
  Skipped Microsoft.UI.Reactor.Tests.YogaGenerated.YogaIntrinsicSizeTest.Text_Max_Content_Max_Width [1 ms]
[xUnit.net 00:00:21.29]     Microsoft.UI.Reactor.Tests.YogaGenerated.YogaIntrinsicSizeTest.Stretch_Height [SKIP]
[xUnit.net 00:00:21.30]     Microsoft.UI.Reactor.Tests.YogaGenerated.YogaIntrinsicSizeTest.Text_Fit_Content_Max_Width [SKIP]
[xUnit.net 00:00:21.30]     Microsoft.UI.Reactor.Tests.YogaGenerated.YogaIntrinsicSizeTest.Text_Stretch_Min_Width [SKIP]
  Skipped Microsoft.UI.Reactor.Tests.YogaGenerated.YogaIntrinsicSizeTest.Stretch_Height [1 ms]
  Skipped Microsoft.UI.Reactor.Tests.YogaGenerated.YogaIntrinsicSizeTest.Text_Fit_Content_Max_Width [1 ms]
  Skipped Microsoft.UI.Reactor.Tests.YogaGenerated.YogaIntrinsicSizeTest.Text_Stretch_Min_Width [1 ms]
[xUnit.net 00:00:21.30]     Microsoft.UI.Reactor.Tests.YogaGenerated.YogaIntrinsicSizeTest.Text_Stretch_Max_Width [SKIP]
[xUnit.net 00:00:21.31]     Microsoft.UI.Reactor.Tests.YogaGenerated.YogaIntrinsicSizeTest.Max_Content_Max_Height [SKIP]
  Skipped Microsoft.UI.Reactor.Tests.YogaGenerated.YogaIntrinsicSizeTest.Text_Stretch_Max_Width [1 ms]
  Skipped Microsoft.UI.Reactor.Tests.YogaGenerated.YogaIntrinsicSizeTest.Max_Content_Max_Height [1 ms]
[xUnit.net 00:00:21.31]     Microsoft.UI.Reactor.Tests.YogaGenerated.YogaIntrinsicSizeTest.Text_Fit_Content_Min_Width [SKIP]
[xUnit.net 00:00:21.31]     Microsoft.UI.Reactor.Tests.YogaGenerated.YogaIntrinsicSizeTest.Text_Stretch_Width [SKIP]
  Skipped Microsoft.UI.Reactor.Tests.YogaGenerated.YogaIntrinsicSizeTest.Text_Fit_Content_Min_Width [1 ms]
  Skipped Microsoft.UI.Reactor.Tests.YogaGenerated.YogaIntrinsicSizeTest.Text_Stretch_Width [1 ms]
[xUnit.net 00:00:21.37]     Microsoft.UI.Reactor.Tests.YogaGenerated.YogaPercentageTest.Percent_Of_Max_Main [SKIP]
  Skipped Microsoft.UI.Reactor.Tests.YogaGenerated.YogaPercentageTest.Percent_Of_Max_Main [1 ms]
[xUnit.net 00:00:21.43]     Microsoft.UI.Reactor.Tests.YogaGenerated.YogaIntrinsicSizeTest.Stretch_Min_Width [SKIP]
[xUnit.net 00:00:21.43]     Microsoft.UI.Reactor.Tests.YogaGenerated.YogaIntrinsicSizeTest.Max_Content_Min_Height [SKIP]
[xUnit.net 00:00:21.44]     Microsoft.UI.Reactor.Tests.YogaGenerated.YogaIntrinsicSizeTest.Stretch_Flex_Basis_Row [SKIP]
[xUnit.net 00:00:21.44]     Microsoft.UI.Reactor.Tests.YogaGenerated.YogaIntrinsicSizeTest.Fit_Content_Flex_Basis_Row [SKIP]
[xUnit.net 00:00:21.44]     Microsoft.UI.Reactor.Tests.YogaGenerated.YogaIntrinsicSizeTest.Text_Max_Content_Min_Width [SKIP]
[xUnit.net 00:00:21.44]     Microsoft.UI.Reactor.Tests.YogaGenerated.YogaIntrinsicSizeTest.Max_Content_Flex_Basis_Row [SKIP]
  Skipped Microsoft.UI.Reactor.Tests.YogaGenerated.YogaIntrinsicSizeTest.Stretch_Min_Width [1 ms]
  Skipped Microsoft.UI.Reactor.Tests.YogaGenerated.YogaIntrinsicSizeTest.Max_Content_Min_Height [1 ms]
  Skipped Microsoft.UI.Reactor.Tests.YogaGenerated.YogaIntrinsicSizeTest.Stretch_Flex_Basis_Row [1 ms]
  Skipped Microsoft.UI.Reactor.Tests.YogaGenerated.YogaIntrinsicSizeTest.Fit_Content_Flex_Basis_Row [1 ms]
  Skipped Microsoft.UI.Reactor.Tests.YogaGenerated.YogaIntrinsicSizeTest.Text_Max_Content_Min_Width [1 ms]
  Skipped Microsoft.UI.Reactor.Tests.YogaGenerated.YogaIntrinsicSizeTest.Max_Content_Flex_Basis_Row [1 ms]
[xUnit.net 00:00:21.48]     Microsoft.UI.Reactor.Tests.YogaGenerated.YogaPercentageTest.Percent_Of_Min_Cross_Unstretched [SKIP]
  Skipped Microsoft.UI.Reactor.Tests.YogaGenerated.YogaPercentageTest.Percent_Of_Min_Cross_Unstretched [1 ms]
[xUnit.net 00:00:21.55]     Microsoft.UI.Reactor.Tests.YogaGenerated.YogaPercentageTest.Percentage_Flex_Basis_Cross_Min_Height [SKIP]
[xUnit.net 00:00:21.55]     Microsoft.UI.Reactor.Tests.YogaGenerated.YogaPercentageTest.Percent_Of_Min_Main [SKIP]
  Skipped Microsoft.UI.Reactor.Tests.YogaGenerated.YogaPercentageTest.Percentage_Flex_Basis_Cross_Min_Height [1 ms]
  Skipped Microsoft.UI.Reactor.Tests.YogaGenerated.YogaPercentageTest.Percent_Of_Min_Main [1 ms]
Results File: C:\Users\andersonch\Code\reactor3\tests\Reactor.Tests\TestResults\unit.trx

Passed!  - Failed:     0, Passed:  9135, Skipped:    62, Total:  9197, Duration: 25 s - Reactor.Tests.dll (net10.0)
